main.c:96:5:main	8	static
main.c:155:6:SystemClock_Config	104	static
main.c:206:13:MX_ADC1_Init	24	static
main.c:272:13:MX_I2C1_Init	8	static
main.c:306:13:MX_I2S2_Init	8	static
main.c:340:13:MX_TIM2_Init	48	static
main.c:393:13:MX_TIM3_Init	48	static
main.c:454:13:MX_TIM4_Init	48	static
main.c:511:13:MX_USB_OTG_FS_PCD_Init	8	static
main.c:544:13:MX_DMA_Init	16	static
main.c:570:13:MX_GPIO_Init	56	static
main.c:611:6:HAL_ADC_ConvCpltCallback	16	static
main.c:620:6:HAL_I2SEx_TxRxHalfCpltCallback	16	static
main.c:636:6:HAL_I2SEx_TxRxCpltCallback	16	static
main.c:656:6:Error_Handler	4	static
